
> tanstack_start_ts@ build C:\Engineer\VELORA
> vite build

node.exe : 'vite' is not recognized as an internal or external command,
At C:\Users\PC\AppData\Roaming\npm\pnpm.ps1:24 char:5
+     & "node$exe"  "$basedir/node_modules/pnpm/bin/pnpm.cjs" $args
+     ~~~~~~~~~~~~~~~~~~~~~~~~~~~~~~~~~~~~~~~~~~~~~~~~~~~~~~~~~~~~~
    + CategoryInfo          : NotSpecified: ('vite' is not r...ternal command,:String) [], RemoteException
    + FullyQualifiedErrorId : NativeCommandError
 
operable program or batch file.
ΓÇëELIFECYCLEΓÇë Command failed with exit code 1.
