src/components/dashboard/AiAssistant.tsx(5,8): error TS2307: Cannot find module 'lucide-react' or its corresponding type declarations.
src/components/dashboard/ClassShell.tsx(18,8): error TS2307: Cannot find module 'lucide-react' or its corresponding type declarations.
src/components/dashboard/DashboardShell.tsx(18,8): error TS2307: Cannot find module 'lucide-react' or its corresponding type declarations.
src/components/dashboard/DashboardShell.tsx(19,106): error TS2307: Cannot find module 'lucide-react' or its corresponding type declarations.
src/components/dashboard/NotificationsPopover.tsx(6,62): error TS2307: Cannot find module 'lucide-react' or its corresponding type declarations.
src/components/dashboard/OrgShell.tsx(18,8): error TS2307: Cannot find module 'lucide-react' or its corresponding type declarations.
src/components/Loader.tsx(44,20): error TS2322: Type '{ showText: boolean; className: string; }' is not assignable to type 'IntrinsicAttributes & { className?: string | undefined; compact?: boolean | undefined; }'.
  Property 'showText' does not exist on type 'IntrinsicAttributes & { className?: string | undefined; compact?: boolean | undefined; }'.
src/components/meet/AgendaPanel.tsx(4,66): error TS2307: Cannot find module 'lucide-react' or its corresponding type declarations.
src/components/meet/BreakoutPanel.tsx(4,59): error TS2307: Cannot find module 'lucide-react' or its corresponding type declarations.
src/components/meet/ChatPanel.tsx(5,76): error TS2307: Cannot find module 'lucide-react' or its corresponding type declarations.
src/components/meet/NotesPanel.tsx(4,58): error TS2307: Cannot find module 'lucide-react' or its corresponding type declarations.
src/components/meet/PollPanel.tsx(5,41): error TS2307: Cannot find module 'lucide-react' or its corresponding type declarations.
src/components/meet/QnAPanel.tsx(5,85): error TS2307: Cannot find module 'lucide-react' or its corresponding type declarations.
src/components/meet/VideoTile.tsx(2,120): error TS2307: Cannot find module 'lucide-react' or its corresponding type declarations.
src/components/meet/WaitingLobby.tsx(10,8): error TS2307: Cannot find module 'lucide-react' or its corresponding type declarations.
src/components/meet/WhiteboardPanel.tsx(3,47): error TS2307: Cannot find module 'lucide-react' or its corresponding type declarations.
src/components/MeetingCard.tsx(7,8): error TS2307: Cannot find module 'lucide-react' or its corresponding type declarations.
src/components/NotificationBell.tsx(2,47): error TS2307: Cannot find module 'lucide-react' or its corresponding type declarations.
src/components/NotificationBell.tsx(72,29): error TS2367: This comparison appears to be unintentional because the types '"info" | "meeting"' and '"system"' have no overlap.
src/components/NotificationBell.tsx(81,31): error TS2339: Property 'href' does not exist on type 'Notification'.
src/components/NotificationBell.tsx(81,54): error TS2339: Property 'href' does not exist on type 'Notification'.
src/components/RedirectIfAuthed.tsx(18,30): error TS2322: Type '"/dashboard/faq" | "/dashboard" | "/dashboard/security"' is not assignable to type '"." | ".." | "/" | "/about" | "/academy" | "/auth" | "/enterprise" | "/faq" | "/onboarding" | "/partners" | "/profile" | "/terms" | "/use-cases" | "/dashboard/about" | "/dashboard/academy" | ... 19 more ... | "/dashboard/classroom/$slug/class"'.
  Type '"/dashboard/security"' is not assignable to type '"." | ".." | "/" | "/about" | "/academy" | "/auth" | "/enterprise" | "/faq" | "/onboarding" | "/partners" | "/profile" | "/terms" | "/use-cases" | "/dashboard/about" | "/dashboard/academy" | ... 19 more ... | "/dashboard/classroom/$slug/class"'.
src/components/SignOutDialog.tsx(10,69): error TS2307: Cannot find module 'lucide-react' or its corresponding type declarations.
src/components/ThemeToggle.tsx(1,35): error TS2307: Cannot find module 'lucide-react' or its corresponding type declarations.
src/components/ui/accordion.tsx(3,29): error TS2307: Cannot find module 'lucide-react' or its corresponding type declarations.
src/components/ui/breadcrumb.tsx(3,46): error TS2307: Cannot find module 'lucide-react' or its corresponding type declarations.
src/components/ui/calendar.tsx(4,68): error TS2307: Cannot find module 'lucide-react' or its corresponding type declarations.
src/components/ui/carousel.tsx(3,39): error TS2307: Cannot find module 'lucide-react' or its corresponding type declarations.
src/components/ui/checkbox.tsx(3,23): error TS2307: Cannot find module 'lucide-react' or its corresponding type declarations.
src/components/ui/command.tsx(6,24): error TS2307: Cannot find module 'lucide-react' or its corresponding type declarations.
src/components/ui/context-menu.tsx(3,45): error TS2307: Cannot find module 'lucide-react' or its corresponding type declarations.
src/components/ui/dialog.tsx(5,19): error TS2307: Cannot find module 'lucide-react' or its corresponding type declarations.
src/components/ui/dropdown-menu.tsx(5,45): error TS2307: Cannot find module 'lucide-react' or its corresponding type declarations.
src/components/ui/input-otp.tsx(3,23): error TS2307: Cannot find module 'lucide-react' or its corresponding type declarations.
src/components/ui/menubar.tsx(3,45): error TS2307: Cannot find module 'lucide-react' or its corresponding type declarations.
src/components/ui/navigation-menu.tsx(4,29): error TS2307: Cannot find module 'lucide-react' or its corresponding type declarations.
src/components/ui/pagination.tsx(2,59): error TS2307: Cannot find module 'lucide-react' or its corresponding type declarations.
src/components/ui/radio-group.tsx(3,24): error TS2307: Cannot find module 'lucide-react' or its corresponding type declarations.
src/components/ui/resizable.tsx(1,30): error TS2307: Cannot find module 'lucide-react' or its corresponding type declarations.
src/components/ui/select.tsx(5,47): error TS2307: Cannot find module 'lucide-react' or its corresponding type declarations.
src/components/ui/sheet.tsx(6,19): error TS2307: Cannot find module 'lucide-react' or its corresponding type declarations.
src/components/ui/sidebar.tsx(4,27): error TS2307: Cannot find module 'lucide-react' or its corresponding type declarations.
src/hooks/useMeetingTimer.ts(24,18): error TS2554: Expected 1 arguments, but got 0.
src/integrations/supabase/auth-middleware.ts(5,31): error TS2306: File 'C:/Engineer/VELORA/src/integrations/supabase/types.ts' is not a module.
src/integrations/supabase/client.server.ts(6,31): error TS2306: File 'C:/Engineer/VELORA/src/integrations/supabase/types.ts' is not a module.
src/integrations/supabase/client.ts(3,31): error TS2306: File 'C:/Engineer/VELORA/src/integrations/supabase/types.ts' is not a module.
src/routes/__root.tsx(27,13): error TS2322: Type '"/" | "/dashboard/home"' is not assignable to type '"." | ".." | "/" | "/about" | "/academy" | "/auth" | "/enterprise" | "/faq" | "/onboarding" | "/partners" | "/profile" | "/terms" | "/use-cases" | "/dashboard/about" | "/dashboard/academy" | ... 19 more ... | "/dashboard/classroom/$slug/class"'.
  Type '"/dashboard/home"' is not assignable to type '"." | ".." | "/" | "/about" | "/academy" | "/auth" | "/enterprise" | "/faq" | "/onboarding" | "/partners" | "/profile" | "/terms" | "/use-cases" | "/dashboard/about" | "/dashboard/academy" | ... 19 more ... | "/dashboard/classroom/$slug/class"'. Did you mean '"/dashboard"'?
src/routes/about.tsx(4,86): error TS2307: Cannot find module 'lucide-react' or its corresponding type declarations.
src/routes/academy.tsx(4,90): error TS2307: Cannot find module 'lucide-react' or its corresponding type declarations.
src/routes/auth.tsx(12,37): error TS2307: Cannot find module 'lucide-react' or its corresponding type declarations.
src/routes/dashboard.about.tsx(8,8): error TS2307: Cannot find module 'lucide-react' or its corresponding type declarations.
src/routes/dashboard.academy.tsx(10,8): error TS2307: Cannot find module 'lucide-react' or its corresponding type declarations.
src/routes/dashboard.ai.tsx(13,8): error TS2307: Cannot find module 'lucide-react' or its corresponding type declarations.
src/routes/dashboard.ai.tsx(263,30): error TS2353: Object literal may only specify known properties, and 'conv' does not exist in type 'ParamsReducerFn<RouterCore<Route<Register, any, "/", "/", string, "__root__", undefined, {}, {}, AnyContext, AnyContext, {}, undefined, RootRouteChildren, FileRouteTypes, unknown, unknown, undefined>, "never", false, RouterHistory, Record<...>>, "SEARCH", string, string | undefined>'.
src/routes/dashboard.ai.tsx(276,7): error TS2304: Cannot find name 'setAnalytics'.
src/routes/dashboard.ai.tsx(284,7): error TS2552: Cannot find name 'setTrends'. Did you mean 'baseTrends'?
src/routes/dashboard.ai.tsx(332,26): error TS2353: Object literal may only specify known properties, and 'conv' does not exist in type 'ParamsReducerFn<RouterCore<Route<Register, any, "/", "/", string, "__root__", undefined, {}, {}, AnyContext, AnyContext, {}, undefined, RootRouteChildren, FileRouteTypes, unknown, unknown, undefined>, "never", false, RouterHistory, Record<...>>, "SEARCH", string, string | undefined>'.
src/routes/dashboard.ai.tsx(343,28): error TS2353: Object literal may only specify known properties, and 'conv' does not exist in type 'ParamsReducerFn<RouterCore<Route<Register, any, "/", "/", string, "__root__", undefined, {}, {}, AnyContext, AnyContext, {}, undefined, RootRouteChildren, FileRouteTypes, unknown, unknown, undefined>, "never", false, RouterHistory, Record<...>>, "SEARCH", string, string | undefined>'.
src/routes/dashboard.ai.tsx(356,28): error TS2353: Object literal may only specify known properties, and 'conv' does not exist in type 'ParamsReducerFn<RouterCore<Route<Register, any, "/", "/", string, "__root__", undefined, {}, {}, AnyContext, AnyContext, {}, undefined, RootRouteChildren, FileRouteTypes, unknown, unknown, undefined>, "never", false, RouterHistory, Record<...>>, "SEARCH", string, string | undefined>'.
src/routes/dashboard.ai.tsx(416,91): error TS2353: Object literal may only specify known properties, and 'conv' does not exist in type 'ParamsReducerFn<RouterCore<Route<Register, any, "/", "/", string, "__root__", undefined, {}, {}, AnyContext, AnyContext, {}, undefined, RootRouteChildren, FileRouteTypes, unknown, unknown, undefined>, "never", false, RouterHistory, Record<...>>, "SEARCH", string, string | undefined>'.
src/routes/dashboard.classroom.$slug.class.tsx(20,8): error TS2307: Cannot find module 'lucide-react' or its corresponding type declarations.
src/routes/dashboard.classroom.$slug.class.tsx(575,81): error TS2304: Cannot find name 'Upload'.
src/routes/dashboard.classroom.$slug.class.tsx(586,189): error TS2552: Cannot find name 'Download'. Did you mean 'onload'?
src/routes/dashboard.classroom.$slug.class.tsx(918,14): error TS2304: Cannot find name 'Upload'.
src/routes/dashboard.classroom.$slug.class.tsx(1034,189): error TS2552: Cannot find name 'Download'. Did you mean 'onload'?
src/routes/dashboard.classroom.index.tsx(11,8): error TS2307: Cannot find module 'lucide-react' or its corresponding type declarations.
src/routes/dashboard.classroom.index.tsx(256,51): error TS7006: Parameter 'acc' implicitly has an 'any' type.
src/routes/dashboard.classroom.index.tsx(256,56): error TS7006: Parameter 'char' implicitly has an 'any' type.
src/routes/dashboard.contacts.tsx(9,113): error TS2307: Cannot find module 'lucide-react' or its corresponding type declarations.
src/routes/dashboard.developer.tsx(14,8): error TS2307: Cannot find module 'lucide-react' or its corresponding type declarations.
src/routes/dashboard.enterprise.tsx(14,8): error TS2307: Cannot find module 'lucide-react' or its corresponding type declarations.
src/routes/dashboard.enterprise.tsx(27,10): error TS2300: Duplicate identifier 'Input'.
src/routes/dashboard.enterprise.tsx(28,10): error TS2300: Duplicate identifier 'Label'.
src/routes/dashboard.enterprise.tsx(48,10): error TS2300: Duplicate identifier 'Input'.
src/routes/dashboard.enterprise.tsx(49,10): error TS2300: Duplicate identifier 'Label'.
src/routes/dashboard.enterprise.tsx(735,27): error TS2304: Cannot find name 'X'.
src/routes/dashboard.faq.tsx(4,85): error TS2307: Cannot find module 'lucide-react' or its corresponding type declarations.
src/routes/dashboard.index.tsx(52,8): error TS2307: Cannot find module 'lucide-react' or its corresponding type declarations.
src/routes/dashboard.index.tsx(254,21): error TS2322: Type '"/dashboard/organization"' is not assignable to type '"." | ".." | "/" | "/about" | "/academy" | "/auth" | "/enterprise" | "/faq" | "/onboarding" | "/partners" | "/profile" | "/terms" | "/use-cases" | "/dashboard/about" | "/dashboard/academy" | ... 19 more ... | "/dashboard/classroom/$slug/class"'.
src/routes/dashboard.index.tsx(302,16): error TS2741: Property 'search' is missing in type '{ children: (string | Element)[]; to: "/dashboard/ai"; }' but required in type 'MakeRequiredSearchParams<RouterCore<Route<Register, any, "/", "/", string, "__root__", undefined, {}, {}, AnyContext, AnyContext, {}, undefined, RootRouteChildren, FileRouteTypes, unknown, unknown, undefined>, "never", false, RouterHistory, Record<...>>, string, "/dashboard/ai">'.
src/routes/dashboard.meetings.tsx(8,104): error TS2307: Cannot find module 'lucide-react' or its corresponding type declarations.
src/routes/dashboard.notifications.tsx(5,70): error TS2307: Cannot find module 'lucide-react' or its corresponding type declarations.
src/routes/dashboard.partners.tsx(12,8): error TS2307: Cannot find module 'lucide-react' or its corresponding type declarations.
src/routes/dashboard.partners.tsx(95,20): error TS7006: Parameter 'prev' implicitly has an 'any' type.
src/routes/dashboard.profile.tsx(22,8): error TS2307: Cannot find module 'lucide-react' or its corresponding type declarations.
src/routes/dashboard.profile.tsx(99,31): error TS2339: Property 'mfa_enabled' does not exist on type 'Profile'.
src/routes/dashboard.profile.tsx(109,25): error TS2345: Argument of type 'Dispatch<SetStateAction<{ hostCount: number; participantCount: number; totalMeetings: number; history: never[]; }>>' is not assignable to parameter of type '(value: { hostCount: number; participantCount: number; totalMeetings: number; totalMinutes: number; history: any[]; }) => void | PromiseLike<void>'.
  Types of parameters 'value' and 'value' are incompatible.
    Type '{ hostCount: number; participantCount: number; totalMeetings: number; totalMinutes: number; history: any[]; }' is not assignable to type 'SetStateAction<{ hostCount: number; participantCount: number; totalMeetings: number; history: never[]; }>'.
      Type '{ hostCount: number; participantCount: number; totalMeetings: number; totalMinutes: number; history: any[]; }' is not assignable to type '{ hostCount: number; participantCount: number; totalMeetings: number; history: never[]; }'.
        Types of property 'history' are incompatible.
          Type 'any[]' is not assignable to type 'never[]'.
            Type 'any' is not assignable to type 'never'.
src/routes/dashboard.recordings.tsx(5,103): error TS2307: Cannot find module 'lucide-react' or its corresponding type declarations.
src/routes/dashboard.schedule.tsx(9,140): error TS2307: Cannot find module 'lucide-react' or its corresponding type declarations.
src/routes/dashboard.schedule.tsx(26,60): error TS2307: Cannot find module 'lucide-react' or its corresponding type declarations.
src/routes/dashboard.settings.tsx(11,8): error TS2307: Cannot find module 'lucide-react' or its corresponding type declarations.
src/routes/dashboard.settings.tsx(390,44): error TS2339: Property 'email' does not exist on type 'Profile'.
src/routes/dashboard.upgrade.tsx(5,81): error TS2307: Cannot find module 'lucide-react' or its corresponding type declarations.
src/routes/enterprise.tsx(4,111): error TS2307: Cannot find module 'lucide-react' or its corresponding type declarations.
src/routes/faq.tsx(3,41): error TS2307: Cannot find module 'lucide-react' or its corresponding type declarations.
src/routes/index.tsx(16,8): error TS2307: Cannot find module 'lucide-react' or its corresponding type declarations.
src/routes/join.$orgId.tsx(10,67): error TS2307: Cannot find module 'lucide-react' or its corresponding type declarations.
src/routes/meet.$meetingId.tsx(34,8): error TS2307: Cannot find module 'lucide-react' or its corresponding type declarations.
src/routes/meet.$meetingId.tsx(998,9): error TS2339: Property 'cleanup' does not exist on type '{ selfId: string; localStream: MediaStream | null; peers: RemotePeer[]; audioOn: boolean; videoOn: boolean; isScreenSharing: boolean; status: RoomStatus; ... 31 more ...; channel: RefObject<...>; }'.
src/routes/meet.$meetingId.tsx(1498,57): error TS2339: Property 'toggle' does not exist on type '{ enabled: boolean; interim: string; lines: CaptionLine[]; supported: boolean; start: () => void; stop: () => void; setLines: Dispatch<SetStateAction<CaptionLine[]>>; }'.
src/routes/onboarding.tsx(13,8): error TS2307: Cannot find module 'lucide-react' or its corresponding type declarations.
src/routes/partners.tsx(8,8): error TS2307: Cannot find module 'lucide-react' or its corresponding type declarations.
src/routes/summary.$meetingId.tsx(6,114): error TS2307: Cannot find module 'lucide-react' or its corresponding type declarations.
src/routes/terms.tsx(2,49): error TS2307: Cannot find module 'lucide-react' or its corresponding type declarations.
src/routes/use-cases.tsx(4,77): error TS2307: Cannot find module 'lucide-react' or its corresponding type declarations.
